// Jest Snapshot v1, https://goo.gl/fbAQLP

exports[`<Form />  it  renders the correct component 1`] = `
Array [
  <form
    onSubmit={[Function]}
  >
    <label>
      <span>
        URL: 
      </span>
      <input
        name="url"
        onChange={[Function]}
        type="text"
      />
      <button
        type="submit"
      >
        GO!
      </button>
    </label>
    <label
      className="methods"
    >
      <span
        className=""
        id="get"
        onClick={[Function]}
      >
        GET
      </span>
      <span
        className=""
        id="post"
        onClick={[Function]}
      >
        POST
      </span>
      <span
        className=""
        id="put"
        onClick={[Function]}
      >
        PUT
      </span>
      <span
        className=""
        id="delete"
        onClick={[Function]}
      >
        DELETE
      </span>
    </label>
  </form>,
  <section
    className="results"
  >
    <span
      className="method"
    />
    <span
      className="url"
    />
  </section>,
]
`;

exports[`<Form />  it clear the form/state after the form is submitted 1`] = `
Array [
  <form
    onSubmit={[Function]}
  >
    <label>
      <span>
        URL: 
      </span>
      <input
        name="url"
        onChange={[Function]}
        type="text"
      />
      <button
        type="submit"
      >
        GO!
      </button>
    </label>
    <label
      className="methods"
    >
      <span
        className=""
        id="get"
        onClick={[Function]}
      >
        GET
      </span>
      <span
        className=""
        id="post"
        onClick={[Function]}
      >
        POST
      </span>
      <span
        className=""
        id="put"
        onClick={[Function]}
      >
        PUT
      </span>
      <span
        className=""
        id="delete"
        onClick={[Function]}
      >
        DELETE
      </span>
    </label>
  </form>,
  <section
    className="results"
  >
    <span
      className="method"
    />
    <span
      className="url"
    />
  </section>,
]
`;
